// Jest Snapshot v1, https://goo.gl/fbAQLP

exports[`App should render as snapshot 1`] = `
"<styled.div>
  <GlobalStyleComponent />
  <SearchContainer />
</styled.div>"
`;
